// Jest Snapshot v1, https://goo.gl/fbAQLP

exports[`<SettingsPage /> component being rendered Make sure render matches snapshot 1`] = `
<div
  className="page-layout"
>
  <div
    className="left-side-bar left-side-bg-green"
  />
  <span
    className="content-container"
  >
    <nav>
      <h1
        className="Title"
      >
        Settings
      </h1>
      <ul
        className="IconList"
      >
        <li
          aria-describedby={null}
          className="Account"
          onBlur={[Function]}
          onClick={[Function]}
          onFocus={[Function]}
          onMouseLeave={[Function]}
          onMouseOver={[Function]}
          onTouchEnd={[Function]}
          onTouchStart={[Function]}
          title="Log Out"
        >
          <a
            href="/login"
            onClick={[Function]}
          >
            <svg
              aria-hidden="true"
              className="MuiSvgIcon-root IconLarge"
              focusable="false"
              role="presentation"
              viewBox="0 0 24 24"
            >
              <path
                d="M10.09 15.59L11.5 17l5-5-5-5-1.41 1.41L12.67 11H3v2h9.67l-2.58 2.59zM19 3H5c-1.11 0-2 .9-2 2v4h2V5h14v14H5v-4H3v4c0 1.1.89 2 2 2h14c1.1 0 2-.9 2-2V5c0-1.1-.9-2-2-2z"
              />
            </svg>
          </a>
        </li>
        <li
          aria-describedby={null}
          className="IconList"
          onBlur={[Function]}
          onFocus={[Function]}
          onMouseLeave={[Function]}
          onMouseOver={[Function]}
          onTouchEnd={[Function]}
          onTouchStart={[Function]}
          title="Settings"
        >
          <a
            href="/settings"
            onClick={[Function]}
          >
            <svg
              aria-hidden="true"
              className="MuiSvgIcon-root IconLarge"
              focusable="false"
              role="presentation"
              viewBox="0 0 24 24"
            >
              <path
                d="M15.95 10.78c.03-.25.05-.51.05-.78s-.02-.53-.06-.78l1.69-1.32c.15-.12.19-.34.1-.51l-1.6-2.77c-.1-.18-.31-.24-.49-.18l-1.99.8c-.42-.32-.86-.58-1.35-.78L12 2.34c-.03-.2-.2-.34-.4-.34H8.4c-.2 0-.36.14-.39.34l-.3 2.12c-.49.2-.94.47-1.35.78l-1.99-.8c-.18-.07-.39 0-.49.18l-1.6 2.77c-.1.18-.06.39.1.51l1.69 1.32c-.04.25-.07.52-.07.78s.02.53.06.78L2.37 12.1c-.15.12-.19.34-.1.51l1.6 2.77c.1.18.31.24.49.18l1.99-.8c.42.32.86.58 1.35.78l.3 2.12c.04.2.2.34.4.34h3.2c.2 0 .37-.14.39-.34l.3-2.12c.49-.2.94-.47 1.35-.78l1.99.8c.18.07.39 0 .49-.18l1.6-2.77c.1-.18.06-.39-.1-.51l-1.67-1.32zM10 13c-1.65 0-3-1.35-3-3s1.35-3 3-3 3 1.35 3 3-1.35 3-3 3z"
                transform="scale(1.2, 1.2)"
              />
            </svg>
          </a>
        </li>
        <li
          aria-describedby={null}
          className="IconList"
          onBlur={[Function]}
          onFocus={[Function]}
          onMouseLeave={[Function]}
          onMouseOver={[Function]}
          onTouchEnd={[Function]}
          onTouchStart={[Function]}
          title="Calender"
        >
          <a
            href="/calendar"
            onClick={[Function]}
          >
            <svg
              aria-hidden="true"
              className="MuiSvgIcon-root IconLarge"
              focusable="false"
              role="presentation"
              viewBox="0 0 24 24"
            >
              <path
                d="M9 11H7v2h2v-2zm4 0h-2v2h2v-2zm4 0h-2v2h2v-2zm2-7h-1V2h-2v2H8V2H6v2H5c-1.11 0-1.99.9-1.99 2L3 20c0 1.1.89 2 2 2h14c1.1 0 2-.9 2-2V6c0-1.1-.9-2-2-2zm0 16H5V9h14v11z"
              />
            </svg>
          </a>
        </li>
      </ul>
    </nav>
    <div
      className="right-side-bar right-side-bg-green"
    >
      <div
        className="flex"
      >
        <img
          alt="profile-pic-from-google"
          className="profile-photo"
        />
      </div>
      <div
        className="MuiFormControl-root"
        id="input-field"
      >
        <div
          className="MuiInputBase-root MuiInput-root MuiInput-underline Mui-disabled Mui-disabled MuiInputBase-formControl MuiInput-formControl MuiInputBase-adornedStart"
          onClick={[Function]}
        >
          <div
            className="MuiInputAdornment-root MuiInputAdornment-positionStart"
          >
            <svg
              aria-hidden="true"
              className="MuiSvgIcon-root"
              focusable="false"
              role="presentation"
              viewBox="0 0 24 24"
            >
              <path
                d="M12 2C6.48 2 2 6.48 2 12s4.48 10 10 10 10-4.48 10-10S17.52 2 12 2zm0 3c1.66 0 3 1.34 3 3s-1.34 3-3 3-3-1.34-3-3 1.34-3 3-3zm0 14.2c-2.5 0-4.71-1.28-6-3.22.03-1.99 4-3.08 6-3.08 1.99 0 5.97 1.09 6 3.08-1.29 1.94-3.5 3.22-6 3.22z"
              />
            </svg>
          </div>
          <input
            aria-invalid={false}
            className="MuiInputBase-input MuiInput-input Mui-disabled Mui-disabled MuiInputBase-inputAdornedStart"
            disabled={true}
            onAnimationStart={[Function]}
            onBlur={[Function]}
            onChange={[Function]}
            onFocus={[Function]}
            required={false}
            type="text"
          />
        </div>
      </div>
      <div
        className="MuiFormControl-root"
        id="input-field"
      >
        <div
          className="MuiInputBase-root MuiInput-root MuiInput-underline Mui-disabled Mui-disabled MuiInputBase-formControl MuiInput-formControl MuiInputBase-adornedStart"
          onClick={[Function]}
        >
          <div
            className="MuiInputAdornment-root MuiInputAdornment-positionStart"
          >
            <svg
              aria-hidden="true"
              className="MuiSvgIcon-root"
              focusable="false"
              role="presentation"
              viewBox="0 0 24 24"
            >
              <path
                d="M20 4H4c-1.1 0-1.99.9-1.99 2L2 18c0 1.1.9 2 2 2h16c1.1 0 2-.9 2-2V6c0-1.1-.9-2-2-2zm0 4l-8 5-8-5V6l8 5 8-5v2z"
              />
            </svg>
          </div>
          <input
            aria-invalid={false}
            className="MuiInputBase-input MuiInput-input Mui-disabled Mui-disabled MuiInputBase-inputAdornedStart"
            disabled={true}
            onAnimationStart={[Function]}
            onBlur={[Function]}
            onChange={[Function]}
            onFocus={[Function]}
            required={false}
            type="text"
          />
        </div>
      </div>
      <div
        className="flex"
      >
        <h2
          style={
            Object {
              "marginLeft": "10vw",
              "marginTop": "4vh",
              "textAlign": "left",
            }
          }
        >
          Theme:
        </h2>
        <button
          className="MuiButtonBase-root MuiButton-root MuiButton-text"
          disabled={false}
          id="color-palette"
          onBlur={[Function]}
          onClick={[Function]}
          onDragLeave={[Function]}
          onFocus={[Function]}
          onKeyDown={[Function]}
          onKeyUp={[Function]}
          onMouseDown={[Function]}
          onMouseLeave={[Function]}
          onMouseUp={[Function]}
          onTouchEnd={[Function]}
          onTouchMove={[Function]}
          onTouchStart={[Function]}
          style={
            Object {
              "backgroundColor": "#3700b3",
            }
          }
          tabIndex={0}
          type="button"
        >
          <span
            className="MuiButton-label"
          />
          <span
            className="MuiTouchRipple-root"
          />
        </button>
        <button
          className="MuiButtonBase-root MuiButton-root MuiButton-text"
          disabled={false}
          id="color-palette"
          onBlur={[Function]}
          onClick={[Function]}
          onDragLeave={[Function]}
          onFocus={[Function]}
          onKeyDown={[Function]}
          onKeyUp={[Function]}
          onMouseDown={[Function]}
          onMouseLeave={[Function]}
          onMouseUp={[Function]}
          onTouchEnd={[Function]}
          onTouchMove={[Function]}
          onTouchStart={[Function]}
          style={
            Object {
              "backgroundColor": "#2e7d32",
            }
          }
          tabIndex={0}
          type="button"
        >
          <span
            className="MuiButton-label"
          />
          <span
            className="MuiTouchRipple-root"
          />
        </button>
      </div>
      <div
        className="flex"
      >
        <h2
          style={
            Object {
              "marginLeft": "10vw",
              "marginTop": "4vh",
              "textAlign": "left",
            }
          }
        >
          Working Hours:
        </h2>
        <div
          style={
            Object {
              "marginLeft": "3vw",
            }
          }
        >
          <div
            className="MuiFormControl-root MuiTextField-root MuiFormControl-marginNormal"
          >
            <label
              className="MuiFormLabel-root MuiInputLabel-root MuiInputLabel-formControl MuiInputLabel-animated"
              data-shrink={false}
            >
              Start Time
            </label>
            <div
              className="MuiInputBase-root MuiInput-root MuiInput-underline MuiInputBase-formControl MuiInput-formControl MuiInputBase-adornedEnd"
              onClick={[Function]}
            >
              <input
                aria-invalid={false}
                autoFocus={false}
                className="MuiInputBase-input MuiInput-input MuiInputBase-inputAdornedEnd"
                disabled={false}
                onAnimationStart={[Function]}
                onBlur={[Function]}
                onChange={[Function]}
                onFocus={[Function]}
                required={false}
                type="text"
                value="09:00 AM"
              />
              <div
                className="MuiInputAdornment-root MuiInputAdornment-positionEnd"
              >
                <button
                  aria-label="change time"
                  className="MuiButtonBase-root MuiIconButton-root"
                  disabled={false}
                  onBlur={[Function]}
                  onClick={[Function]}
                  onDragLeave={[Function]}
                  onFocus={[Function]}
                  onKeyDown={[Function]}
                  onKeyUp={[Function]}
                  onMouseDown={[Function]}
                  onMouseLeave={[Function]}
                  onMouseUp={[Function]}
                  onTouchEnd={[Function]}
                  onTouchMove={[Function]}
                  onTouchStart={[Function]}
                  tabIndex={0}
                  type="button"
                >
                  <span
                    className="MuiIconButton-label"
                  >
                    <svg
                      aria-hidden="true"
                      className="MuiSvgIcon-root"
                      focusable="false"
                      role="presentation"
                      viewBox="0 0 24 24"
                    >
                      <path
                        d="M17 12h-5v5h5v-5zM16 1v2H8V1H6v2H5c-1.11 0-1.99.9-1.99 2L3 19c0 1.1.89 2 2 2h14c1.1 0 2-.9 2-2V5c0-1.1-.9-2-2-2h-1V1h-2zm3 18H5V8h14v11z"
                      />
                      <path
                        d="M0 0h24v24H0z"
                        fill="none"
                      />
                    </svg>
                  </span>
                  <span
                    className="MuiTouchRipple-root"
                  />
                </button>
              </div>
            </div>
            
          </div>
        </div>
        <h2
          style={
            Object {
              "marginLeft": "3vw",
              "marginTop": "4vh",
              "textAlign": "left",
            }
          }
        >
          to
        </h2>
        <div
          style={
            Object {
              "marginLeft": "3vw",
            }
          }
        >
          <div
            className="MuiFormControl-root MuiTextField-root MuiFormControl-marginNormal"
          >
            <label
              className="MuiFormLabel-root MuiInputLabel-root MuiInputLabel-formControl MuiInputLabel-animated"
              data-shrink={false}
            >
              End Time
            </label>
            <div
              className="MuiInputBase-root MuiInput-root MuiInput-underline MuiInputBase-formControl MuiInput-formControl MuiInputBase-adornedEnd"
              onClick={[Function]}
            >
              <input
                aria-invalid={false}
                autoFocus={false}
                className="MuiInputBase-input MuiInput-input MuiInputBase-inputAdornedEnd"
                disabled={false}
                onAnimationStart={[Function]}
                onBlur={[Function]}
                onChange={[Function]}
                onFocus={[Function]}
                required={false}
                type="text"
                value="05:00 PM"
              />
              <div
                className="MuiInputAdornment-root MuiInputAdornment-positionEnd"
              >
                <button
                  aria-label="change time"
                  className="MuiButtonBase-root MuiIconButton-root"
                  disabled={false}
                  onBlur={[Function]}
                  onClick={[Function]}
                  onDragLeave={[Function]}
                  onFocus={[Function]}
                  onKeyDown={[Function]}
                  onKeyUp={[Function]}
                  onMouseDown={[Function]}
                  onMouseLeave={[Function]}
                  onMouseUp={[Function]}
                  onTouchEnd={[Function]}
                  onTouchMove={[Function]}
                  onTouchStart={[Function]}
                  tabIndex={0}
                  type="button"
                >
                  <span
                    className="MuiIconButton-label"
                  >
                    <svg
                      aria-hidden="true"
                      className="MuiSvgIcon-root"
                      focusable="false"
                      role="presentation"
                      viewBox="0 0 24 24"
                    >
                      <path
                        d="M17 12h-5v5h5v-5zM16 1v2H8V1H6v2H5c-1.11 0-1.99.9-1.99 2L3 19c0 1.1.89 2 2 2h14c1.1 0 2-.9 2-2V5c0-1.1-.9-2-2-2h-1V1h-2zm3 18H5V8h14v11z"
                      />
                      <path
                        d="M0 0h24v24H0z"
                        fill="none"
                      />
                    </svg>
                  </span>
                  <span
                    className="MuiTouchRipple-root"
                  />
                </button>
              </div>
            </div>
            
          </div>
        </div>
      </div>
    </div>
  </span>
</div>
`;
