// Jest Snapshot v1, https://goo.gl/fbAQLP

exports[`<Login /> component being rendered Make sure render matches snapshot 1`] = `
<div
  className="flex flex-row bg-white w-full overflow-hidden max-h-screen"
>
  <div
    className="flex flex-col h-screen md:w-2/3 md:mt-32"
  >
    <div
      className="p-4"
      style={
        Object {
          "marginLeft": "7rem",
        }
      }
    >
      <span
        className="text-6xl font-bold font"
      >
         Doto 
      </span>
    </div>
    <div
      className="h-full sm:mr-16 lg:mr-32"
      style={
        Object {
          "backgroundColor": "#3700b3",
          "borderRadius": "0px 79px 0px 0px",
        }
      }
    >
      <div
        className="flex flex-col ml-32 mt-10"
      >
        <div>
          <span
            className="text-white font-bold text-5xl"
          >
            Your life
          </span>
        </div>
        <div>
          <span
            className="text-white text-5xl font-light mr-2"
          >
            Planned for you
          </span>
        </div>
        <div
          className="google-btn-container mt-2"
        >
          <a
            href="https://doto-backend.azurewebsites.net/auth/google"
          >
            <div
              className="google-btn"
            >
              <div
                className="google-icon-wrapper"
              >
                <img
                  alt="signin"
                  className="google-icon"
                  src="https://upload.wikimedia.org/wikipedia/commons/5/53/Google_%22G%22_Logo.svg"
                />
              </div>
              <p
                className="btn-text"
              >
                <b>
                  Log in with Google
                </b>
              </p>
            </div>
          </a>
        </div>
        <div
          className="signup-btn-container mt-5"
        >
          <a
            href="https://accounts.google.com/SignUp?continue=https://myaccount.google.com/intro"
          >
            <span
              className="text-white text-2.5vh font-light mr-2"
            >
              Create Google Account
            </span>
          </a>
        </div>
      </div>
    </div>
  </div>
  <div
    className="md:w-1/3 md:mt-64"
    style={
      Object {
        "backgroundColor": "#8d6cd9",
        "borderRadius": "79px 0px 0px 0px",
      }
    }
  />
</div>
`;
